127.0.0.1 - - [03/Dec/2019:09:40:33 +0000] "GET / HTTP/1.1" 404 1074
0:0:0:0:0:0:0:1 - - [03/Dec/2019:09:40:35 +0000] "GET /Store/faces/index.xhtml HTTP/1.1" 200 1128
0:0:0:0:0:0:0:1 - - [03/Dec/2019:09:40:35 +0000] "GET /Store/faces/javax.faces.resource/jsf.js?ln=javax.faces HTTP/1.1" 200 41988
0:0:0:0:0:0:0:1 - - [03/Dec/2019:09:40:37 +0000] "GET /Store/faces/list_offices.xhtml HTTP/1.1" 500 2922
127.0.0.1 - - [03/Dec/2019:09:49:57 +0000] "GET / HTTP/1.1" 404 1074
0:0:0:0:0:0:0:1 - - [03/Dec/2019:09:49:58 +0000] "GET /Store/faces/list_offices.xhtml HTTP/1.1" 500 2922
0:0:0:0:0:0:0:1 - - [03/Dec/2019:09:52:18 +0000] "GET /Store/faces/list_offices.xhtml HTTP/1.1" 200 1923
0:0:0:0:0:0:0:1 - - [03/Dec/2019:09:52:18 +0000] "GET /Store/faces/javax.faces.resource/tables.css?ln=css HTTP/1.1" 200 465
0:0:0:0:0:0:0:1 - - [03/Dec/2019:09:53:22 +0000] "GET /Store/faces/list_offices.xhtml HTTP/1.1" 500 2922
0:0:0:0:0:0:0:1 - - [03/Dec/2019:09:54:30 +0000] "GET /Store/faces/list_offices.xhtml HTTP/1.1" 500 2922
127.0.0.1 - - [03/Dec/2019:09:54:47 +0000] "GET / HTTP/1.1" 404 1074
0:0:0:0:0:0:0:1 - - [03/Dec/2019:09:54:48 +0000] "GET /Store/faces/list_stores.xhtml HTTP/1.1" 200 3015
0:0:0:0:0:0:0:1 - - [03/Dec/2019:09:54:48 +0000] "GET /Store/faces/javax.faces.resource/tables.css;jsessionid=E3C8F4D87C3F37089ECE923A5C31BFEC?ln=css HTTP/1.1" 200 465
0:0:0:0:0:0:0:1 - - [03/Dec/2019:09:54:54 +0000] "POST /Store/faces/list_stores.xhtml;jsessionid=E3C8F4D87C3F37089ECE923A5C31BFEC HTTP/1.1" 200 1408
0:0:0:0:0:0:0:1 - - [03/Dec/2019:09:54:56 +0000] "POST /Store/faces/add_store.xhtml HTTP/1.1" 200 1719
127.0.0.1 - - [03/Dec/2019:09:55:14 +0000] "GET / HTTP/1.1" 404 1074
0:0:0:0:0:0:0:1 - - [03/Dec/2019:09:55:17 +0000] "GET /Store/faces/list_offices.xhtml HTTP/1.1" 200 2251
0:0:0:0:0:0:0:1 - - [03/Dec/2019:09:57:07 +0000] "GET /Store/faces/list_offices.xhtml HTTP/1.1" 200 2251
0:0:0:0:0:0:0:1 - - [03/Dec/2019:09:57:07 +0000] "GET /Store/faces/javax.faces.resource/tables.css?ln=css HTTP/1.1" 304 -
0:0:0:0:0:0:0:1 - - [03/Dec/2019:10:01:44 +0000] "GET /Store/faces/list_offices.xhtml HTTP/1.1" 500 3196
0:0:0:0:0:0:0:1 - - [03/Dec/2019:10:02:21 +0000] "GET /Store/faces/list_offices.xhtml HTTP/1.1" 200 2251
127.0.0.1 - - [03/Dec/2019:10:08:18 +0000] "GET / HTTP/1.1" 404 1074
0:0:0:0:0:0:0:1 - - [03/Dec/2019:10:08:20 +0000] "GET /Store/faces/list_offices.xhtml HTTP/1.1" 200 2251
127.0.0.1 - - [03/Dec/2019:10:14:21 +0000] "GET / HTTP/1.1" 404 1074
0:0:0:0:0:0:0:1 - - [03/Dec/2019:10:14:23 +0000] "GET /Store/faces/list_offices.xhtml HTTP/1.1" 500 2967
0:0:0:0:0:0:0:1 - - [03/Dec/2019:10:15:20 +0000] "GET /Store/faces/list_offices.xhtml HTTP/1.1" 200 2472
0:0:0:0:0:0:0:1 - - [03/Dec/2019:10:17:24 +0000] "POST /Store/faces/list_offices.xhtml HTTP/1.1" 500 3550
127.0.0.1 - - [03/Dec/2019:10:23:00 +0000] "GET / HTTP/1.1" 404 1074
0:0:0:0:0:0:0:1 - - [03/Dec/2019:10:23:02 +0000] "GET /Store/faces/list_offices.xhtml HTTP/1.1" 200 2472
0:0:0:0:0:0:0:1 - - [03/Dec/2019:10:24:03 +0000] "GET /Store/faces/list_offices.xhtml HTTP/1.1" 200 2472
0:0:0:0:0:0:0:1 - - [03/Dec/2019:10:24:03 +0000] "GET /Store/faces/javax.faces.resource/tables.css?ln=css HTTP/1.1" 304 -
0:0:0:0:0:0:0:1 - - [03/Dec/2019:10:24:37 +0000] "GET /Store/faces/list_offices.xhtml HTTP/1.1" 500 2970
127.0.0.1 - - [03/Dec/2019:10:27:32 +0000] "GET / HTTP/1.1" 404 1074
0:0:0:0:0:0:0:1 - - [03/Dec/2019:10:27:34 +0000] "GET /Store/faces/list_offices.xhtml HTTP/1.1" 500 2970
127.0.0.1 - - [03/Dec/2019:10:29:41 +0000] "GET / HTTP/1.1" 404 1074
0:0:0:0:0:0:0:1 - - [03/Dec/2019:10:29:43 +0000] "GET /Store/faces/list_offices.xhtml HTTP/1.1" 500 2922
127.0.0.1 - - [03/Dec/2019:10:31:34 +0000] "GET / HTTP/1.1" 404 1074
0:0:0:0:0:0:0:1 - - [03/Dec/2019:10:31:35 +0000] "GET /Store/faces/index.xhtml HTTP/1.1" 200 1128
0:0:0:0:0:0:0:1 - - [03/Dec/2019:10:31:37 +0000] "GET /Store/faces/list_offices.xhtml HTTP/1.1" 500 2922
127.0.0.1 - - [03/Dec/2019:10:33:33 +0000] "GET / HTTP/1.1" 404 1074
0:0:0:0:0:0:0:1 - - [03/Dec/2019:10:33:35 +0000] "GET /Store/faces/list_offices.xhtml HTTP/1.1" 500 2970
0:0:0:0:0:0:0:1 - - [03/Dec/2019:10:34:19 +0000] "GET /Store/faces/list_offices.xhtml HTTP/1.1" 500 2970
0:0:0:0:0:0:0:1 - - [03/Dec/2019:10:34:20 +0000] "GET /Store/faces/list_offices.xhtml HTTP/1.1" 500 2970
0:0:0:0:0:0:0:1 - - [03/Dec/2019:10:36:29 +0000] "GET /Store/faces/list_offices.xhtml HTTP/1.1" 500 2970
0:0:0:0:0:0:0:1 - - [03/Dec/2019:10:36:47 +0000] "GET /Store/faces/list_offices.xhtml HTTP/1.1" 500 2970
0:0:0:0:0:0:0:1 - - [03/Dec/2019:10:37:43 +0000] "GET /Store/faces/list_offices.xhtml HTTP/1.1" 200 2560
0:0:0:0:0:0:0:1 - - [03/Dec/2019:10:37:43 +0000] "GET /Store/faces/javax.faces.resource/tables.css;jsessionid=AC2E9D34F053F6D566C730F290B5326D?ln=css HTTP/1.1" 200 465
0:0:0:0:0:0:0:1 - - [03/Dec/2019:10:40:19 +0000] "POST /Store/faces/list_offices.xhtml;jsessionid=AC2E9D34F053F6D566C730F290B5326D HTTP/1.1" 500 2072
127.0.0.1 - - [03/Dec/2019:10:40:39 +0000] "GET / HTTP/1.1" 404 1074
0:0:0:0:0:0:0:1 - - [03/Dec/2019:10:40:42 +0000] "GET /Store/faces/list_offices.xhtml HTTP/1.1" 200 2472
0:0:0:0:0:0:0:1 - - [03/Dec/2019:10:40:47 +0000] "POST /Store/faces/list_offices.xhtml HTTP/1.1" 200 1422
0:0:0:0:0:0:0:1 - - [03/Dec/2019:10:40:58 +0000] "POST /Store/faces/add_headOffice.xhtml HTTP/1.1" 200 1435
0:0:0:0:0:0:0:1 - - [03/Dec/2019:10:41:25 +0000] "POST /Store/faces/add_headOffice.xhtml HTTP/1.1" 200 1435
0:0:0:0:0:0:0:1 - - [03/Dec/2019:10:41:25 +0000] "GET /Store/faces/javax.faces.resource/jsf.js?ln=javax.faces HTTP/1.1" 304 -
0:0:0:0:0:0:0:1 - - [03/Dec/2019:10:41:30 +0000] "POST /Store/faces/add_headOffice.xhtml HTTP/1.1" 500 2084
127.0.0.1 - - [03/Dec/2019:10:41:59 +0000] "GET / HTTP/1.1" 404 1074
0:0:0:0:0:0:0:1 - - [03/Dec/2019:10:42:01 +0000] "GET /Store/faces/add_headOffice.xhtml HTTP/1.1" 200 1422
0:0:0:0:0:0:0:1 - - [03/Dec/2019:10:42:09 +0000] "POST /Store/faces/add_headOffice.xhtml HTTP/1.1" 200 1435
0:0:0:0:0:0:0:1 - - [03/Dec/2019:10:42:14 +0000] "POST /Store/faces/add_headOffice.xhtml HTTP/1.1" 200 1128
0:0:0:0:0:0:0:1 - - [03/Dec/2019:10:42:15 +0000] "GET /Store/faces/list_offices.xhtml HTTP/1.1" 200 2472
0:0:0:0:0:0:0:1 - - [03/Dec/2019:10:42:17 +0000] "POST /Store/faces/list_offices.xhtml HTTP/1.1" 200 1422
0:0:0:0:0:0:0:1 - - [03/Dec/2019:10:43:13 +0000] "POST /Store/faces/add_headOffice.xhtml HTTP/1.1" 200 1435
0:0:0:0:0:0:0:1 - - [03/Dec/2019:10:43:41 +0000] "POST /Store/faces/add_headOffice.xhtml HTTP/1.1" 200 1435
0:0:0:0:0:0:0:1 - - [03/Dec/2019:10:43:41 +0000] "GET /Store/faces/javax.faces.resource/jsf.js?ln=javax.faces HTTP/1.1" 304 -
127.0.0.1 - - [03/Dec/2019:10:44:08 +0000] "GET / HTTP/1.1" 404 1074
0:0:0:0:0:0:0:1 - - [03/Dec/2019:10:44:10 +0000] "GET /Store/faces/add_headOffice.xhtml HTTP/1.1" 200 1422
0:0:0:0:0:0:0:1 - - [03/Dec/2019:10:44:20 +0000] "POST /Store/faces/add_headOffice.xhtml HTTP/1.1" 200 1435
0:0:0:0:0:0:0:1 - - [03/Dec/2019:10:45:01 +0000] "POST /Store/faces/add_headOffice.xhtml HTTP/1.1" 200 1701
0:0:0:0:0:0:0:1 - - [03/Dec/2019:10:45:06 +0000] "POST /Store/faces/add_headOffice.xhtml HTTP/1.1" 200 1815
0:0:0:0:0:0:0:1 - - [03/Dec/2019:10:45:09 +0000] "POST /Store/faces/add_headOffice.xhtml HTTP/1.1" 200 1432
0:0:0:0:0:0:0:1 - - [03/Dec/2019:10:46:11 +0000] "POST /Store/faces/add_headOffice.xhtml HTTP/1.1" 500 2084
127.0.0.1 - - [03/Dec/2019:10:46:29 +0000] "GET / HTTP/1.1" 404 1074
0:0:0:0:0:0:0:1 - - [03/Dec/2019:10:46:31 +0000] "GET /Store/faces/add_headOffice.xhtml HTTP/1.1" 200 1422
0:0:0:0:0:0:0:1 - - [03/Dec/2019:10:46:40 +0000] "POST /Store/faces/add_headOffice.xhtml HTTP/1.1" 200 1435
0:0:0:0:0:0:0:1 - - [03/Dec/2019:10:46:45 +0000] "POST /Store/faces/add_headOffice.xhtml HTTP/1.1" 200 1128
0:0:0:0:0:0:0:1 - - [03/Dec/2019:10:46:46 +0000] "GET /Store/faces/list_offices.xhtml HTTP/1.1" 200 2472
0:0:0:0:0:0:0:1 - - [03/Dec/2019:10:47:36 +0000] "GET /Store/faces/list_offices.xhtml HTTP/1.1" 200 2472
127.0.0.1 - - [03/Dec/2019:10:48:01 +0000] "GET / HTTP/1.1" 404 1074
0:0:0:0:0:0:0:1 - - [03/Dec/2019:10:48:03 +0000] "GET /Store/faces/list_offices.xhtml HTTP/1.1" 200 2251
0:0:0:0:0:0:0:1 - - [03/Dec/2019:10:48:55 +0000] "GET /Store/faces/list_offices.xhtml HTTP/1.1" 200 2472
0:0:0:0:0:0:0:1 - - [03/Dec/2019:10:48:55 +0000] "GET /Store/faces/javax.faces.resource/tables.css?ln=css HTTP/1.1" 304 -
0:0:0:0:0:0:0:1 - - [03/Dec/2019:10:48:58 +0000] "POST /Store/faces/list_offices.xhtml HTTP/1.1" 200 1422
0:0:0:0:0:0:0:1 - - [03/Dec/2019:10:49:00 +0000] "POST /Store/faces/add_headOffice.xhtml HTTP/1.1" 200 1815
0:0:0:0:0:0:0:1 - - [03/Dec/2019:10:49:06 +0000] "POST /Store/faces/add_headOffice.xhtml HTTP/1.1" 200 1435
0:0:0:0:0:0:0:1 - - [03/Dec/2019:10:49:13 +0000] "POST /Store/faces/add_headOffice.xhtml HTTP/1.1" 200 1128
0:0:0:0:0:0:0:1 - - [03/Dec/2019:10:49:14 +0000] "GET /Store/faces/list_offices.xhtml HTTP/1.1" 200 2472
0:0:0:0:0:0:0:1 - - [03/Dec/2019:10:49:51 +0000] "POST /Store/faces/list_offices.xhtml HTTP/1.1" 200 1422
0:0:0:0:0:0:0:1 - - [03/Dec/2019:10:49:57 +0000] "POST /Store/faces/add_headOffice.xhtml HTTP/1.1" 500 3496
127.0.0.1 - - [03/Dec/2019:14:46:05 +0000] "GET / HTTP/1.1" 404 1074
0:0:0:0:0:0:0:1 - - [03/Dec/2019:14:46:06 +0000] "GET /Store/faces/index.xhtml HTTP/1.1" 200 1128
0:0:0:0:0:0:0:1 - - [03/Dec/2019:14:52:17 +0000] "POST /Store/faces/index.xhtml HTTP/1.1" 200 4189
0:0:0:0:0:0:0:1 - - [03/Dec/2019:14:52:17 +0000] "GET /Store/faces/javax.faces.resource/tables.css;jsessionid=4E91C6C0DF352050D7E9AF3E4AEE1275?ln=css HTTP/1.1" 200 465
0:0:0:0:0:0:0:1 - - [03/Dec/2019:14:52:29 +0000] "POST /Store/faces/list_stores.xhtml;jsessionid=4E91C6C0DF352050D7E9AF3E4AEE1275 HTTP/1.1" 200 1408
0:0:0:0:0:0:0:1 - - [03/Dec/2019:14:52:32 +0000] "POST /Store/faces/add_store.xhtml HTTP/1.1" 200 1719
127.0.0.1 - - [03/Dec/2019:15:19:41 +0000] "GET / HTTP/1.1" 404 1074
0:0:0:0:0:0:0:1 - - [03/Dec/2019:15:19:43 +0000] "GET /Store/faces/list_products.xhtml HTTP/1.1" 200 10323
0:0:0:0:0:0:0:1 - - [03/Dec/2019:15:19:43 +0000] "GET /Store/faces/javax.faces.resource/tables.css;jsessionid=3D1EBE24B24A14DF4F5A9723B092E774?ln=css HTTP/1.1" 200 465
0:0:0:0:0:0:0:1 - - [03/Dec/2019:15:19:48 +0000] "POST /Store/faces/list_products.xhtml;jsessionid=3D1EBE24B24A14DF4F5A9723B092E774 HTTP/1.1" 200 1128
0:0:0:0:0:0:0:1 - - [03/Dec/2019:15:19:50 +0000] "POST /Store/faces/index.xhtml HTTP/1.1" 200 4101
0:0:0:0:0:0:0:1 - - [03/Dec/2019:15:19:52 +0000] "POST /Store/faces/list_stores.xhtml HTTP/1.1" 500 3839
0:0:0:0:0:0:0:1 - - [03/Dec/2019:15:20:27 +0000] "POST /Store/faces/list_stores.xhtml HTTP/1.1" 500 3839
0:0:0:0:0:0:0:1 - - [03/Dec/2019:15:20:33 +0000] "POST /Store/faces/list_stores.xhtml HTTP/1.1" 500 3839
0:0:0:0:0:0:0:1 - - [03/Dec/2019:15:20:47 +0000] "POST /Store/faces/list_stores.xhtml HTTP/1.1" 500 3839
0:0:0:0:0:0:0:1 - - [03/Dec/2019:15:21:36 +0000] "POST /Store/faces/list_stores.xhtml HTTP/1.1" 500 2926
127.0.0.1 - - [03/Dec/2019:15:22:30 +0000] "GET / HTTP/1.1" 404 1074
0:0:0:0:0:0:0:1 - - [03/Dec/2019:15:22:32 +0000] "GET /Store/faces/list_stores.xhtml HTTP/1.1" 200 4101
0:0:0:0:0:0:0:1 - - [03/Dec/2019:15:22:33 +0000] "POST /Store/faces/list_stores.xhtml HTTP/1.1" 200 4103
0:0:0:0:0:0:0:1 - - [03/Dec/2019:15:22:38 +0000] "POST /Store/faces/show_products.xhtml HTTP/1.1" 200 4207
127.0.0.1 - - [03/Dec/2019:15:23:30 +0000] "GET / HTTP/1.1" 404 1074
0:0:0:0:0:0:0:1 - - [03/Dec/2019:15:23:32 +0000] "GET /Store/faces/show_products.xhtml HTTP/1.1" 200 4041
127.0.0.1 - - [03/Dec/2019:15:24:31 +0000] "GET / HTTP/1.1" 404 1074
0:0:0:0:0:0:0:1 - - [03/Dec/2019:15:24:32 +0000] "GET /Store/faces/list_stores.xhtml HTTP/1.1" 200 4101
0:0:0:0:0:0:0:1 - - [03/Dec/2019:15:24:34 +0000] "POST /Store/faces/list_stores.xhtml HTTP/1.1" 200 4041
0:0:0:0:0:0:0:1 - - [03/Dec/2019:15:26:05 +0000] "POST /Store/faces/list_stores.xhtml HTTP/1.1" 500 2066
127.0.0.1 - - [03/Dec/2019:15:26:43 +0000] "GET / HTTP/1.1" 404 1074
0:0:0:0:0:0:0:1 - - [03/Dec/2019:15:26:44 +0000] "GET /Store/faces/list_stores.xhtml HTTP/1.1" 200 4101
0:0:0:0:0:0:0:1 - - [03/Dec/2019:15:26:48 +0000] "POST /Store/faces/list_stores.xhtml HTTP/1.1" 200 4041
0:0:0:0:0:0:0:1 - - [03/Dec/2019:15:31:59 +0000] "POST /Store/faces/list_stores.xhtml HTTP/1.1" 500 2066
127.0.0.1 - - [03/Dec/2019:15:32:17 +0000] "GET / HTTP/1.1" 404 1074
0:0:0:0:0:0:0:1 - - [03/Dec/2019:15:32:19 +0000] "GET /Store/faces/list_stores.xhtml HTTP/1.1" 200 4101
0:0:0:0:0:0:0:1 - - [03/Dec/2019:15:32:20 +0000] "POST /Store/faces/list_stores.xhtml HTTP/1.1" 200 4041
127.0.0.1 - - [03/Dec/2019:15:44:11 +0000] "GET / HTTP/1.1" 404 1074
0:0:0:0:0:0:0:1 - - [03/Dec/2019:15:44:13 +0000] "GET /Store/faces/list_stores.xhtml HTTP/1.1" 200 4101
0:0:0:0:0:0:0:1 - - [03/Dec/2019:15:44:15 +0000] "POST /Store/faces/list_stores.xhtml HTTP/1.1" 200 4041
127.0.0.1 - - [03/Dec/2019:15:46:08 +0000] "GET / HTTP/1.1" 404 1074
0:0:0:0:0:0:0:1 - - [03/Dec/2019:15:46:10 +0000] "GET /Store/faces/list_stores.xhtml HTTP/1.1" 200 4101
0:0:0:0:0:0:0:1 - - [03/Dec/2019:15:46:13 +0000] "POST /Store/faces/list_stores.xhtml HTTP/1.1" 200 2291
0:0:0:0:0:0:0:1 - - [03/Dec/2019:15:47:45 +0000] "POST /Store/faces/list_stores.xhtml HTTP/1.1" 200 4205
0:0:0:0:0:0:0:1 - - [03/Dec/2019:15:47:45 +0000] "GET /Store/faces/javax.faces.resource/tables.css?ln=css HTTP/1.1" 304 -
0:0:0:0:0:0:0:1 - - [03/Dec/2019:15:47:45 +0000] "GET /Store/faces/javax.faces.resource/jsf.js?ln=javax.faces HTTP/1.1" 304 -
0:0:0:0:0:0:0:1 - - [03/Dec/2019:15:47:47 +0000] "POST /Store/faces/list_stores.xhtml HTTP/1.1" 200 2291
127.0.0.1 - - [03/Dec/2019:15:48:10 +0000] "GET / HTTP/1.1" 404 1074
0:0:0:0:0:0:0:1 - - [03/Dec/2019:15:48:12 +0000] "GET /Store/faces/list_stores.xhtml HTTP/1.1" 200 4101
0:0:0:0:0:0:0:1 - - [03/Dec/2019:15:48:14 +0000] "POST /Store/faces/list_stores.xhtml HTTP/1.1" 200 2291
127.0.0.1 - - [03/Dec/2019:15:49:22 +0000] "GET / HTTP/1.1" 404 1074
0:0:0:0:0:0:0:1 - - [03/Dec/2019:15:49:23 +0000] "GET /Store/faces/list_stores.xhtml HTTP/1.1" 200 4101
0:0:0:0:0:0:0:1 - - [03/Dec/2019:15:49:26 +0000] "POST /Store/faces/list_stores.xhtml HTTP/1.1" 200 4205
0:0:0:0:0:0:0:1 - - [03/Dec/2019:15:49:29 +0000] "POST /Store/faces/list_stores.xhtml HTTP/1.1" 200 4205
127.0.0.1 - - [03/Dec/2019:15:50:13 +0000] "GET / HTTP/1.1" 404 1074
0:0:0:0:0:0:0:1 - - [03/Dec/2019:15:50:15 +0000] "GET /Store/faces/list_stores.xhtml HTTP/1.1" 200 4101
0:0:0:0:0:0:0:1 - - [03/Dec/2019:15:50:17 +0000] "POST /Store/faces/list_stores.xhtml HTTP/1.1" 200 4205
0:0:0:0:0:0:0:1 - - [03/Dec/2019:15:50:20 +0000] "POST /Store/faces/list_stores.xhtml HTTP/1.1" 200 4205
0:0:0:0:0:0:0:1 - - [03/Dec/2019:15:50:25 +0000] "POST /Store/faces/list_stores.xhtml HTTP/1.1" 200 4205
127.0.0.1 - - [03/Dec/2019:15:53:32 +0000] "GET / HTTP/1.1" 404 1074
127.0.0.1 - - [03/Dec/2019:15:53:33 +0000] "GET /Store/faces/list_stores.xhtml HTTP/1.1" 200 4101
127.0.0.1 - - [03/Dec/2019:15:53:36 +0000] "POST /Store/faces/list_stores.xhtml HTTP/1.1" 200 2867
127.0.0.1 - - [03/Dec/2019:15:54:40 +0000] "GET / HTTP/1.1" 404 1074
127.0.0.1 - - [03/Dec/2019:15:54:42 +0000] "GET /Store/faces/list_stores.xhtml HTTP/1.1" 200 4101
127.0.0.1 - - [03/Dec/2019:15:54:45 +0000] "POST /Store/faces/list_stores.xhtml HTTP/1.1" 200 2233
127.0.0.1 - - [03/Dec/2019:15:56:23 +0000] "GET / HTTP/1.1" 404 1074
127.0.0.1 - - [03/Dec/2019:15:56:25 +0000] "GET /Store/faces/list_stores.xhtml HTTP/1.1" 200 4101
127.0.0.1 - - [03/Dec/2019:15:56:27 +0000] "POST /Store/faces/list_stores.xhtml HTTP/1.1" 200 2301
127.0.0.1 - - [03/Dec/2019:16:01:36 +0000] "GET / HTTP/1.1" 404 1074
0:0:0:0:0:0:0:1 - - [03/Dec/2019:16:01:38 +0000] "GET /Store/faces/list_stores.xhtml HTTP/1.1" 200 4101
0:0:0:0:0:0:0:1 - - [03/Dec/2019:16:01:41 +0000] "POST /Store/faces/list_stores.xhtml HTTP/1.1" 200 5641
127.0.0.1 - - [03/Dec/2019:16:02:21 +0000] "GET / HTTP/1.1" 404 1074
0:0:0:0:0:0:0:1 - - [03/Dec/2019:16:02:23 +0000] "GET /Store/faces/list_stores.xhtml HTTP/1.1" 200 4101
0:0:0:0:0:0:0:1 - - [03/Dec/2019:16:02:25 +0000] "POST /Store/faces/list_stores.xhtml HTTP/1.1" 200 2301
127.0.0.1 - - [03/Dec/2019:16:05:18 +0000] "GET / HTTP/1.1" 404 1074
0:0:0:0:0:0:0:1 - - [03/Dec/2019:16:05:20 +0000] "GET /Store/faces/list_stores.xhtml HTTP/1.1" 200 4101
0:0:0:0:0:0:0:1 - - [03/Dec/2019:16:05:24 +0000] "POST /Store/faces/list_stores.xhtml HTTP/1.1" 200 2301
127.0.0.1 - - [03/Dec/2019:16:11:20 +0000] "GET / HTTP/1.1" 404 1074
0:0:0:0:0:0:0:1 - - [03/Dec/2019:16:11:22 +0000] "GET /Store/faces/list_stores.xhtml HTTP/1.1" 200 4101
0:0:0:0:0:0:0:1 - - [03/Dec/2019:16:11:24 +0000] "POST /Store/faces/list_stores.xhtml HTTP/1.1" 200 3119
127.0.0.1 - - [03/Dec/2019:16:31:46 +0000] "GET / HTTP/1.1" 404 1074
0:0:0:0:0:0:0:1 - - [03/Dec/2019:16:31:47 +0000] "GET /Store/faces/list_stores.xhtml HTTP/1.1" 200 4101
0:0:0:0:0:0:0:1 - - [03/Dec/2019:16:31:49 +0000] "POST /Store/faces/list_stores.xhtml HTTP/1.1" 200 4205
0:0:0:0:0:0:0:1 - - [03/Dec/2019:16:32:37 +0000] "POST /Store/faces/list_stores.xhtml HTTP/1.1" 200 4205
127.0.0.1 - - [03/Dec/2019:16:33:10 +0000] "GET / HTTP/1.1" 404 1074
0:0:0:0:0:0:0:1 - - [03/Dec/2019:16:33:12 +0000] "GET /Store/faces/list_stores.xhtml HTTP/1.1" 200 4101
0:0:0:0:0:0:0:1 - - [03/Dec/2019:16:33:14 +0000] "POST /Store/faces/list_stores.xhtml HTTP/1.1" 200 4205
0:0:0:0:0:0:0:1 - - [03/Dec/2019:16:34:48 +0000] "POST /Store/faces/list_stores.xhtml HTTP/1.1" 200 4205
127.0.0.1 - - [03/Dec/2019:16:35:44 +0000] "GET / HTTP/1.1" 404 1074
0:0:0:0:0:0:0:1 - - [03/Dec/2019:16:35:46 +0000] "GET /Store/faces/list_stores.xhtml HTTP/1.1" 200 4101
0:0:0:0:0:0:0:1 - - [03/Dec/2019:16:35:49 +0000] "POST /Store/faces/list_stores.xhtml HTTP/1.1" 200 4205
127.0.0.1 - - [03/Dec/2019:16:36:42 +0000] "GET / HTTP/1.1" 404 1074
0:0:0:0:0:0:0:1 - - [03/Dec/2019:16:36:44 +0000] "GET /Store/faces/list_stores.xhtml HTTP/1.1" 200 4101
0:0:0:0:0:0:0:1 - - [03/Dec/2019:16:36:46 +0000] "POST /Store/faces/list_stores.xhtml HTTP/1.1" 200 4205
127.0.0.1 - - [03/Dec/2019:16:39:13 +0000] "GET / HTTP/1.1" 404 1074
0:0:0:0:0:0:0:1 - - [03/Dec/2019:16:39:14 +0000] "GET /Store/faces/list_stores.xhtml HTTP/1.1" 200 4101
0:0:0:0:0:0:0:1 - - [03/Dec/2019:16:39:17 +0000] "POST /Store/faces/list_stores.xhtml HTTP/1.1" 200 4205
127.0.0.1 - - [03/Dec/2019:16:42:07 +0000] "GET / HTTP/1.1" 404 1074
0:0:0:0:0:0:0:1 - - [03/Dec/2019:16:42:09 +0000] "GET /Store/faces/list_stores.xhtml HTTP/1.1" 200 4101
0:0:0:0:0:0:0:1 - - [03/Dec/2019:16:42:12 +0000] "POST /Store/faces/list_stores.xhtml HTTP/1.1" 200 4205
0:0:0:0:0:0:0:1 - - [03/Dec/2019:16:43:00 +0000] "POST /Store/faces/list_stores.xhtml HTTP/1.1" 200 4205
127.0.0.1 - - [03/Dec/2019:16:43:20 +0000] "GET / HTTP/1.1" 404 1074
0:0:0:0:0:0:0:1 - - [03/Dec/2019:16:43:21 +0000] "GET /Store/faces/list_stores.xhtml HTTP/1.1" 200 4101
0:0:0:0:0:0:0:1 - - [03/Dec/2019:16:43:23 +0000] "POST /Store/faces/list_stores.xhtml HTTP/1.1" 200 4205
0:0:0:0:0:0:0:1 - - [03/Dec/2019:16:43:28 +0000] "POST /Store/faces/list_stores.xhtml HTTP/1.1" 200 4205
0:0:0:0:0:0:0:1 - - [03/Dec/2019:16:44:10 +0000] "POST /Store/faces/list_stores.xhtml HTTP/1.1" 500 2938
127.0.0.1 - - [03/Dec/2019:16:44:41 +0000] "GET / HTTP/1.1" 404 1074
0:0:0:0:0:0:0:1 - - [03/Dec/2019:16:44:43 +0000] "GET /Store/faces/list_stores.xhtml HTTP/1.1" 200 4101
0:0:0:0:0:0:0:1 - - [03/Dec/2019:16:44:47 +0000] "POST /Store/faces/list_stores.xhtml HTTP/1.1" 200 2423
127.0.0.1 - - [03/Dec/2019:19:56:39 +0000] "GET / HTTP/1.1" 404 1074
0:0:0:0:0:0:0:1 - - [03/Dec/2019:19:56:41 +0000] "GET /Store/faces/index.xhtml HTTP/1.1" 200 1128
0:0:0:0:0:0:0:1 - - [03/Dec/2019:19:56:45 +0000] "POST /Store/faces/index.xhtml HTTP/1.1" 200 4189
0:0:0:0:0:0:0:1 - - [03/Dec/2019:19:56:45 +0000] "GET /Store/faces/javax.faces.resource/tables.css;jsessionid=6A20509B39A4AB0C502FF59C4F4BDD81?ln=css HTTP/1.1" 200 465
0:0:0:0:0:0:0:1 - - [03/Dec/2019:19:58:01 +0000] "POST /Store/faces/index.xhtml HTTP/1.1" 200 4234
0:0:0:0:0:0:0:1 - - [03/Dec/2019:19:58:04 +0000] "POST /Store/faces/list_stores.xhtml HTTP/1.1" 200 1128
0:0:0:0:0:0:0:1 - - [03/Dec/2019:19:58:06 +0000] "POST /Store/faces/index.xhtml HTTP/1.1" 200 4234
127.0.0.1 - - [03/Dec/2019:20:02:04 +0000] "GET / HTTP/1.1" 404 1074
0:0:0:0:0:0:0:1 - - [03/Dec/2019:20:02:05 +0000] "GET /Store/faces/index.xhtml HTTP/1.1" 200 1128
0:0:0:0:0:0:0:1 - - [03/Dec/2019:20:02:12 +0000] "POST /Store/faces/index.xhtml HTTP/1.1" 200 5349
0:0:0:0:0:0:0:1 - - [03/Dec/2019:20:02:12 +0000] "GET /Store/faces/javax.faces.resource/tables.css;jsessionid=28787FFD91ADAE2D00B8BCCAF44AA106?ln=css HTTP/1.1" 200 465
0:0:0:0:0:0:0:1 - - [03/Dec/2019:20:02:18 +0000] "POST /Store/faces/list_stores.xhtml;jsessionid=28787FFD91ADAE2D00B8BCCAF44AA106 HTTP/1.1" 200 4922
0:0:0:0:0:0:0:1 - - [03/Dec/2019:20:02:54 +0000] "POST /Store/faces/list_stores.xhtml HTTP/1.1" 200 1408
0:0:0:0:0:0:0:1 - - [03/Dec/2019:20:03:03 +0000] "POST /Store/faces/add_store.xhtml HTTP/1.1" 200 1719
0:0:0:0:0:0:0:1 - - [03/Dec/2019:20:03:14 +0000] "POST /Store/faces/add_store.xhtml HTTP/1.1" 200 1432
0:0:0:0:0:0:0:1 - - [03/Dec/2019:20:03:34 +0000] "POST /Store/faces/add_store.xhtml HTTP/1.1" 200 1494
0:0:0:0:0:0:0:1 - - [03/Dec/2019:20:03:46 +0000] "POST /Store/faces/add_store.xhtml HTTP/1.1" 200 1440
0:0:0:0:0:0:0:1 - - [03/Dec/2019:20:03:48 +0000] "POST /Store/faces/add_store.xhtml HTTP/1.1" 200 5261
0:0:0:0:0:0:0:1 - - [03/Dec/2019:20:03:58 +0000] "POST /Store/faces/list_stores.xhtml HTTP/1.1" 200 1128
0:0:0:0:0:0:0:1 - - [03/Dec/2019:20:05:03 +0000] "POST /Store/faces/index.xhtml HTTP/1.1" 200 5449
0:0:0:0:0:0:0:1 - - [03/Dec/2019:20:05:03 +0000] "GET /Store/faces/javax.faces.resource/styles.css?ln=css HTTP/1.1" 200 311
0:0:0:0:0:0:0:1 - - [03/Dec/2019:20:05:36 +0000] "POST /Store/faces/list_stores.xhtml HTTP/1.1" 200 2199
127.0.0.1 - - [03/Dec/2019:20:05:58 +0000] "GET / HTTP/1.1" 404 1074
0:0:0:0:0:0:0:1 - - [03/Dec/2019:20:06:00 +0000] "GET /Store/faces/add_store.xhtml HTTP/1.1" 200 2184
0:0:0:0:0:0:0:1 - - [03/Dec/2019:20:06:02 +0000] "POST /Store/faces/add_store.xhtml HTTP/1.1" 200 2387
127.0.0.1 - - [03/Dec/2019:20:08:22 +0000] "GET / HTTP/1.1" 404 1074
0:0:0:0:0:0:0:1 - - [03/Dec/2019:20:08:24 +0000] "GET /Store/faces/list_stores.xhtml HTTP/1.1" 200 5513
0:0:0:0:0:0:0:1 - - [03/Dec/2019:20:08:24 +0000] "GET /Store/faces/javax.faces.resource/styles.css;jsessionid=DD9A402554C7B6F93F7A26A81494AA63?ln=css HTTP/1.1" 200 311
0:0:0:0:0:0:0:1 - - [03/Dec/2019:20:08:24 +0000] "GET /Store/faces/javax.faces.resource/tables.css;jsessionid=DD9A402554C7B6F93F7A26A81494AA63?ln=css HTTP/1.1" 200 465
0:0:0:0:0:0:0:1 - - [03/Dec/2019:20:08:26 +0000] "POST /Store/faces/list_stores.xhtml;jsessionid=DD9A402554C7B6F93F7A26A81494AA63 HTTP/1.1" 200 1128
0:0:0:0:0:0:0:1 - - [03/Dec/2019:20:08:28 +0000] "GET /Store/faces/list_products.xhtml HTTP/1.1" 200 10235
0:0:0:0:0:0:0:1 - - [03/Dec/2019:20:08:46 +0000] "GET /Store/faces/list_products.xhtml HTTP/1.1" 200 10323
0:0:0:0:0:0:0:1 - - [03/Dec/2019:20:08:47 +0000] "GET /Store/faces/javax.faces.resource/tables.css;jsessionid=98291FAE268D1C2DEB6D7A1079585D75?ln=css HTTP/1.1" 200 465
0:0:0:0:0:0:0:1 - - [03/Dec/2019:20:08:47 +0000] "GET /Store/faces/javax.faces.resource/jsf.js?ln=javax.faces HTTP/1.1" 200 41988
0:0:0:0:0:0:0:1 - - [03/Dec/2019:20:08:47 +0000] "GET /favicon.ico HTTP/1.1" 404 1085
0:0:0:0:0:0:0:1 - - [03/Dec/2019:20:08:49 +0000] "POST /Store/faces/list_products.xhtml;jsessionid=98291FAE268D1C2DEB6D7A1079585D75 HTTP/1.1" 200 1128
0:0:0:0:0:0:0:1 - - [03/Dec/2019:20:09:06 +0000] "GET /Store/faces/list_offices.xhtml HTTP/1.1" 200 2472
0:0:0:0:0:0:0:1 - - [03/Dec/2019:20:09:06 +0000] "GET /Store/faces/javax.faces.resource/tables.css?ln=css HTTP/1.1" 200 465
0:0:0:0:0:0:0:1 - - [03/Dec/2019:20:10:06 +0000] "POST /Store/faces/list_offices.xhtml HTTP/1.1" 200 1422
0:0:0:0:0:0:0:1 - - [03/Dec/2019:20:10:16 +0000] "POST /Store/faces/add_headOffice.xhtml HTTP/1.1" 500 3496
